// Jest Snapshot v1, https://goo.gl/fbAQLP

exports[`ErrorBar should render correctly 1`] = `
<Provider
  store={
    Object {
      "clearActions": [Function],
      "dispatch": [Function],
      "getActions": [Function],
      "getState": [Function],
      "replaceReducer": [Function],
      "subscribe": [Function],
    }
  }
>
  <Connect(ErrorBar)>
    <ErrorBar
      dispatch={[Function]}
      isError={false}
      message=""
    />
  </Connect(ErrorBar)>
</Provider>
`;
