// Jest Snapshot v1, https://goo.gl/fbAQLP

exports[`Test case for testing main page Main page snapshot 1`] = `
<div
  style={
    Object {
      "alignItems": "center",
      "display": "flex",
      "height": "100%",
      "justifyContent": "center",
    }
  }
>
  <styled.h1>
    Main Page
  </styled.h1>
  <styled.button
    onClick={[Function]}
    type="button"
  >
    LOGOUT
  </styled.button>
</div>
`;
